// Jest Snapshot v1, https://goo.gl/fbAQLP

exports[`mapContainer test mapContainer should match snapshot 1`] = `<mapContainer />`;
